================================================================================
職安問卷智慧彙整系統 - Flask API 伺服器啟動中（SSO 整合版）
================================================================================
服務網址: http://10.80.15.49:4204/
上傳目錄: /home/ifm02web/aiagent/security_c_uploads
資料庫路徑: /home/ifm02web/aiagent/附件三.xlsx
資料庫存在: True
SSO Realm: Infra
SSO Client ID: MeetBook
================================================================================
✅ SSO 保護已啟用，所有路由需先登入 Keycloak
================================================================================
 * Serving Flask app 'server'
 * Debug mode: on
WARNING: This is a development server. Do not use it in a production deployment. Use a production WSGI server instead.
 * Running on all addresses (0.0.0.0)
 * Running on http://127.0.0.1:4204
 * Running on http://10.80.15.49:4204
Press CTRL+C to quit
 * Restarting with stat
================================================================================
職安問卷智慧彙整系統 - Flask API 伺服器啟動中（SSO 整合版）
================================================================================
服務網址: http://10.80.15.49:4204/
上傳目錄: /home/ifm02web/aiagent/security_c_uploads
資料庫路徑: /home/ifm02web/aiagent/附件三.xlsx
資料庫存在: True
SSO Realm: Infra
SSO Client ID: MeetBook
================================================================================
✅ SSO 保護已啟用，所有路由需先登入 Keycloak
================================================================================
 * Debugger is active!
 * Debugger PIN: 628-767-793
